{"filename":"file1.txt","origin":3,"type":12}
{"filename":"file2.txt","origin":3,"type":12}
{"filename":"file3.txt","origin":3,"type":12}
{"filename":"file4.txt","origin":3,"type":12}
{"filename":"file5.txt","origin":3,"type":12}
{"filename":"file6.txt","origin":3,"type":12}