{"filename":"file1.txt","origin":3,"type":12}
{"filename":"file2.txt","origin":3,"type":12}
{"filename":"file3.txt","origin":3,"type":12}
{"filename":"file4.txt","origin":3,"type":12}
{"filename":"file5.txt","origin":3,"type":12}
{"filename":"file1.txt","origin":4,"type":12}
{"filename":"file2.txt","origin":4,"type":12}
{"filename":"file3.txt","origin":4,"type":12}
{"filename":"file4.txt","origin":4,"type":12}
{"filename":"file5.txt","origin":4,"type":12}
{"filename":"file1.txt","origin":5,"type":12}
{"filename":"file2.txt","origin":5,"type":12}
{"filename":"file3.txt","origin":5,"type":12}
{"filename":"file4.txt","origin":5,"type":12}
{"filename":"file5.txt","origin":5,"type":12}
{"filename":"file1.txt","origin":6,"type":12}
{"filename":"file2.txt","origin":6,"type":12}
{"filename":"file3.txt","origin":6,"type":12}
{"filename":"file4.txt","origin":6,"type":12}
{"filename":"file5.txt","origin":6,"type":12}
{"filename":"file1.txt","origin":7,"type":12}
{"filename":"file2.txt","origin":7,"type":12}
{"filename":"file3.txt","origin":7,"type":12}
{"filename":"file4.txt","origin":7,"type":12}
{"filename":"file5.txt","origin":7,"type":12}