{"filename":"file1.txt","origin":3,"type":12}
{"filename":"file2.txt","origin":4,"type":12}